// Vitest Snapshot v1, https://vitest.dev/guide/snapshot.html

exports[`Post > should match snapshot when there is an error 1`] = `
<div
  class="flex items-center"
>
  <a
    class="flex items-center"
    href="/posts"
  >
    <div>
      ArrowBigLeftIcon
    </div>
    <span>
      Return to posts
    </span>
  </a>
  <button
    class="inline-flex items-center justify-center whitespace-nowrap rounded-md text-sm font-medium ring-offset-background transition-colors focus-visible:outline-none focus-visible:ring-2 focus-visible:ring-ring focus-visible:ring-offset-2 disabled:pointer-events-none disabled:opacity-50 border border-input bg-background hover:bg-accent hover:text-accent-foreground h-10 w-10 ml-12 cursor-pointer"
  >
    <div>
      Share2Icon
    </div>
  </button>
</div>
`;

exports[`Post > should match snapshot when there is succesful 1`] = `
<div
  class="flex items-center"
>
  <a
    class="flex items-center"
    href="/posts"
  >
    <div>
      ArrowBigLeftIcon
    </div>
    <span>
      Return to posts
    </span>
  </a>
  <button
    class="inline-flex items-center justify-center whitespace-nowrap rounded-md text-sm font-medium ring-offset-background transition-colors focus-visible:outline-none focus-visible:ring-2 focus-visible:ring-ring focus-visible:ring-offset-2 disabled:pointer-events-none disabled:opacity-50 border border-input bg-background hover:bg-accent hover:text-accent-foreground h-10 w-10 ml-12 cursor-pointer"
  >
    <div>
      Share2Icon
    </div>
  </button>
</div>
`;
